// Jest Snapshot v1, https://goo.gl/fbAQLP

exports[`IdleTimerContainer Component test match rendered component with snapshot 1`] = `
<div
  id="idleTimerContainer"
/>
`;
